PV111755.1	PV111755.1
PQ809250.1	PQ809250.1
PQ809250.1	PQ877081.1
PQ809250.1	PQ877082.1
PQ809250.1	PQ877080.1
PQ809250.1	PQ809255.1
PQ809250.1	PQ809253.1
PQ809250.1	PQ809252.1
PQ809250.1	PQ809251.1
PQ809250.1	PQ809249.1
