(di-)nucleotide	count sample	percent sample	count genomic	percent genomic	coverage
A	14	28.57	40	36.70	0.350
C	12	24.49	21	19.27	0.571
G	15	30.61	25	22.94	0.600
T	8	16.33	23	21.10	0.348
AA	2	4.76	15	14.02	0.133
AC	2	4.76	4	3.74	0.500
AG	6	14.29	14	13.08	0.429
AT	2	4.76	6	5.61	0.333
CA		0.00	8	7.48	0.000
CC	4	9.52	2	1.87	2.000
CG	3	7.14	5	4.67	0.600
CT	3	7.14	6	5.61	0.500
GA	4	9.52	4	3.74	1.000
GC	6	14.29	11	10.28	0.545
GG	1	2.38	3	2.80	0.333
GT	2	4.76	6	5.61	0.333
TA	4	9.52	11	10.28	0.364
TC		0.00	4	3.74	0.000
TG	3	7.14	3	2.80	1.000
TT		0.00	5	4.67	0.000
