gene_id	s1	s2	s3
ENSG01	14.5	15	75
ENSG02	12	57	0.2
ENSG02	4.5	115	175
ENSG04	2	157	1.2
