gene_id,s1,s2,s3,s4,s5,s6
ENSG02,12,57,0.2,12,157,0.2
