gene_id,s1,s2,s3
ENSG01,14.5,15,75
ENSG02,12,57,0.2
gene_id,s4,s5,s6
ENSG03,24.5,15,85
ENSG02,12,157,0.2
