PV111755.1	0	no rank	unclassified
PQ877082.1	0	no rank	unclassified
PQ877081.1	0	no rank	unclassified
PQ877080.1	0	no rank	unclassified
PQ809255.1	0	no rank	unclassified
PQ809253.1	0	no rank	unclassified
PQ809252.1	0	no rank	unclassified
PQ809251.1	0	no rank	unclassified
PQ809250.1	0	no rank	unclassified
PQ809249.1	0	no rank	unclassified
